------------------------------------------------------------
Timing Analyzer Summary
------------------------------------------------------------

Type  : Slow 1100mV 85C Model Setup 'u6|sdram_pll_inst|altera_pll_i|general[0].gpll~PLL_OUTPUT_COUNTER|divclk'
Slack : 1.599
TNS   : 0.000

Type  : Slow 1100mV 85C Model Setup 'CLOCK_50'
Slack : 5.370
TNS   : 0.000

Type  : Slow 1100mV 85C Model Setup 'u6|sdram_pll_inst|altera_pll_i|general[2].gpll~PLL_OUTPUT_COUNTER|divclk'
Slack : 10.284
TNS   : 0.000

Type  : Slow 1100mV 85C Model Setup 'CLOCK2_50'
Slack : 14.347
TNS   : 0.000

Type  : Slow 1100mV 85C Model Hold 'CLOCK_50'
Slack : 0.217
TNS   : 0.000

Type  : Slow 1100mV 85C Model Hold 'u6|sdram_pll_inst|altera_pll_i|general[2].gpll~PLL_OUTPUT_COUNTER|divclk'
Slack : 0.219
TNS   : 0.000

Type  : Slow 1100mV 85C Model Hold 'u6|sdram_pll_inst|altera_pll_i|general[0].gpll~PLL_OUTPUT_COUNTER|divclk'
Slack : 0.310
TNS   : 0.000

Type  : Slow 1100mV 85C Model Hold 'CLOCK2_50'
Slack : 0.378
TNS   : 0.000

Type  : Slow 1100mV 85C Model Recovery 'CLOCK_50'
Slack : 0.528
TNS   : 0.000

Type  : Slow 1100mV 85C Model Recovery 'u6|sdram_pll_inst|altera_pll_i|general[0].gpll~PLL_OUTPUT_COUNTER|divclk'
Slack : 2.049
TNS   : 0.000

Type  : Slow 1100mV 85C Model Recovery 'u6|sdram_pll_inst|altera_pll_i|general[2].gpll~PLL_OUTPUT_COUNTER|divclk'
Slack : 12.254
TNS   : 0.000

Type  : Slow 1100mV 85C Model Recovery 'CLOCK2_50'
Slack : 12.820
TNS   : 0.000

Type  : Slow 1100mV 85C Model Removal 'CLOCK2_50'
Slack : 0.918
TNS   : 0.000

Type  : Slow 1100mV 85C Model Removal 'CLOCK_50'
Slack : 1.061
TNS   : 0.000

Type  : Slow 1100mV 85C Model Removal 'u6|sdram_pll_inst|altera_pll_i|general[0].gpll~PLL_OUTPUT_COUNTER|divclk'
Slack : 1.254
TNS   : 0.000

Type  : Slow 1100mV 85C Model Removal 'u6|sdram_pll_inst|altera_pll_i|general[2].gpll~PLL_OUTPUT_COUNTER|divclk'
Slack : 1.846
TNS   : 0.000

Type  : Slow 1100mV 85C Model Minimum Pulse Width 'u6|sdram_pll_inst|altera_pll_i|general[0].gpll~FRACTIONAL_PLL|vcoph[0]'
Slack : 1.666
TNS   : 0.000

Type  : Slow 1100mV 85C Model Minimum Pulse Width 'u6|sdram_pll_inst|altera_pll_i|general[0].gpll~PLL_OUTPUT_COUNTER|divclk'
Slack : 3.772
TNS   : 0.000

Type  : Slow 1100mV 85C Model Minimum Pulse Width 'CLOCK2_50'
Slack : 8.773
TNS   : 0.000

Type  : Slow 1100mV 85C Model Minimum Pulse Width 'CLOCK_50'
Slack : 8.872
TNS   : 0.000

Type  : Slow 1100mV 85C Model Minimum Pulse Width 'u6|sdram_pll_inst|altera_pll_i|general[2].gpll~PLL_OUTPUT_COUNTER|divclk'
Slack : 18.794
TNS   : 0.000

Type  : Slow 1100mV 0C Model Setup 'u6|sdram_pll_inst|altera_pll_i|general[0].gpll~PLL_OUTPUT_COUNTER|divclk'
Slack : 1.727
TNS   : 0.000

Type  : Slow 1100mV 0C Model Setup 'CLOCK_50'
Slack : 5.479
TNS   : 0.000

Type  : Slow 1100mV 0C Model Setup 'u6|sdram_pll_inst|altera_pll_i|general[2].gpll~PLL_OUTPUT_COUNTER|divclk'
Slack : 10.561
TNS   : 0.000

Type  : Slow 1100mV 0C Model Setup 'CLOCK2_50'
Slack : 14.501
TNS   : 0.000

Type  : Slow 1100mV 0C Model Hold 'u6|sdram_pll_inst|altera_pll_i|general[0].gpll~PLL_OUTPUT_COUNTER|divclk'
Slack : 0.278
TNS   : 0.000

Type  : Slow 1100mV 0C Model Hold 'u6|sdram_pll_inst|altera_pll_i|general[2].gpll~PLL_OUTPUT_COUNTER|divclk'
Slack : 0.278
TNS   : 0.000

Type  : Slow 1100mV 0C Model Hold 'CLOCK_50'
Slack : 0.280
TNS   : 0.000

Type  : Slow 1100mV 0C Model Hold 'CLOCK2_50'
Slack : 0.379
TNS   : 0.000

Type  : Slow 1100mV 0C Model Recovery 'CLOCK_50'
Slack : 0.861
TNS   : 0.000

Type  : Slow 1100mV 0C Model Recovery 'u6|sdram_pll_inst|altera_pll_i|general[0].gpll~PLL_OUTPUT_COUNTER|divclk'
Slack : 2.499
TNS   : 0.000

Type  : Slow 1100mV 0C Model Recovery 'u6|sdram_pll_inst|altera_pll_i|general[2].gpll~PLL_OUTPUT_COUNTER|divclk'
Slack : 12.674
TNS   : 0.000

Type  : Slow 1100mV 0C Model Recovery 'CLOCK2_50'
Slack : 12.726
TNS   : 0.000

Type  : Slow 1100mV 0C Model Removal 'CLOCK2_50'
Slack : 0.844
TNS   : 0.000

Type  : Slow 1100mV 0C Model Removal 'u6|sdram_pll_inst|altera_pll_i|general[0].gpll~PLL_OUTPUT_COUNTER|divclk'
Slack : 0.943
TNS   : 0.000

Type  : Slow 1100mV 0C Model Removal 'CLOCK_50'
Slack : 0.960
TNS   : 0.000

Type  : Slow 1100mV 0C Model Removal 'u6|sdram_pll_inst|altera_pll_i|general[2].gpll~PLL_OUTPUT_COUNTER|divclk'
Slack : 1.655
TNS   : 0.000

Type  : Slow 1100mV 0C Model Minimum Pulse Width 'u6|sdram_pll_inst|altera_pll_i|general[0].gpll~FRACTIONAL_PLL|vcoph[0]'
Slack : 1.666
TNS   : 0.000

Type  : Slow 1100mV 0C Model Minimum Pulse Width 'u6|sdram_pll_inst|altera_pll_i|general[0].gpll~PLL_OUTPUT_COUNTER|divclk'
Slack : 3.749
TNS   : 0.000

Type  : Slow 1100mV 0C Model Minimum Pulse Width 'CLOCK2_50'
Slack : 8.779
TNS   : 0.000

Type  : Slow 1100mV 0C Model Minimum Pulse Width 'CLOCK_50'
Slack : 8.910
TNS   : 0.000

Type  : Slow 1100mV 0C Model Minimum Pulse Width 'u6|sdram_pll_inst|altera_pll_i|general[2].gpll~PLL_OUTPUT_COUNTER|divclk'
Slack : 18.770
TNS   : 0.000

Type  : Fast 1100mV 85C Model Setup 'u6|sdram_pll_inst|altera_pll_i|general[0].gpll~PLL_OUTPUT_COUNTER|divclk'
Slack : 4.516
TNS   : 0.000

Type  : Fast 1100mV 85C Model Setup 'CLOCK_50'
Slack : 7.663
TNS   : 0.000

Type  : Fast 1100mV 85C Model Setup 'u6|sdram_pll_inst|altera_pll_i|general[2].gpll~PLL_OUTPUT_COUNTER|divclk'
Slack : 13.255
TNS   : 0.000

Type  : Fast 1100mV 85C Model Setup 'CLOCK2_50'
Slack : 16.541
TNS   : 0.000

Type  : Fast 1100mV 85C Model Hold 'CLOCK_50'
Slack : 0.139
TNS   : 0.000

Type  : Fast 1100mV 85C Model Hold 'u6|sdram_pll_inst|altera_pll_i|general[2].gpll~PLL_OUTPUT_COUNTER|divclk'
Slack : 0.140
TNS   : 0.000

Type  : Fast 1100mV 85C Model Hold 'u6|sdram_pll_inst|altera_pll_i|general[0].gpll~PLL_OUTPUT_COUNTER|divclk'
Slack : 0.175
TNS   : 0.000

Type  : Fast 1100mV 85C Model Hold 'CLOCK2_50'
Slack : 0.199
TNS   : 0.000

Type  : Fast 1100mV 85C Model Recovery 'CLOCK_50'
Slack : 3.656
TNS   : 0.000

Type  : Fast 1100mV 85C Model Recovery 'u6|sdram_pll_inst|altera_pll_i|general[0].gpll~PLL_OUTPUT_COUNTER|divclk'
Slack : 3.975
TNS   : 0.000

Type  : Fast 1100mV 85C Model Recovery 'u6|sdram_pll_inst|altera_pll_i|general[2].gpll~PLL_OUTPUT_COUNTER|divclk'
Slack : 14.283
TNS   : 0.000

Type  : Fast 1100mV 85C Model Recovery 'CLOCK2_50'
Slack : 15.626
TNS   : 0.000

Type  : Fast 1100mV 85C Model Removal 'CLOCK2_50'
Slack : 0.456
TNS   : 0.000

Type  : Fast 1100mV 85C Model Removal 'CLOCK_50'
Slack : 0.609
TNS   : 0.000

Type  : Fast 1100mV 85C Model Removal 'u6|sdram_pll_inst|altera_pll_i|general[0].gpll~PLL_OUTPUT_COUNTER|divclk'
Slack : 1.090
TNS   : 0.000

Type  : Fast 1100mV 85C Model Removal 'u6|sdram_pll_inst|altera_pll_i|general[2].gpll~PLL_OUTPUT_COUNTER|divclk'
Slack : 1.764
TNS   : 0.000

Type  : Fast 1100mV 85C Model Minimum Pulse Width 'u6|sdram_pll_inst|altera_pll_i|general[0].gpll~FRACTIONAL_PLL|vcoph[0]'
Slack : 1.666
TNS   : 0.000

Type  : Fast 1100mV 85C Model Minimum Pulse Width 'u6|sdram_pll_inst|altera_pll_i|general[0].gpll~PLL_OUTPUT_COUNTER|divclk'
Slack : 3.886
TNS   : 0.000

Type  : Fast 1100mV 85C Model Minimum Pulse Width 'CLOCK_50'
Slack : 8.478
TNS   : 0.000

Type  : Fast 1100mV 85C Model Minimum Pulse Width 'CLOCK2_50'
Slack : 8.727
TNS   : 0.000

Type  : Fast 1100mV 85C Model Minimum Pulse Width 'u6|sdram_pll_inst|altera_pll_i|general[2].gpll~PLL_OUTPUT_COUNTER|divclk'
Slack : 18.895
TNS   : 0.000

Type  : Fast 1100mV 0C Model Setup 'u6|sdram_pll_inst|altera_pll_i|general[0].gpll~PLL_OUTPUT_COUNTER|divclk'
Slack : 5.123
TNS   : 0.000

Type  : Fast 1100mV 0C Model Setup 'CLOCK_50'
Slack : 7.904
TNS   : 0.000

Type  : Fast 1100mV 0C Model Setup 'u6|sdram_pll_inst|altera_pll_i|general[2].gpll~PLL_OUTPUT_COUNTER|divclk'
Slack : 14.066
TNS   : 0.000

Type  : Fast 1100mV 0C Model Setup 'CLOCK2_50'
Slack : 16.842
TNS   : 0.000

Type  : Fast 1100mV 0C Model Hold 'CLOCK_50'
Slack : 0.145
TNS   : 0.000

Type  : Fast 1100mV 0C Model Hold 'u6|sdram_pll_inst|altera_pll_i|general[2].gpll~PLL_OUTPUT_COUNTER|divclk'
Slack : 0.149
TNS   : 0.000

Type  : Fast 1100mV 0C Model Hold 'u6|sdram_pll_inst|altera_pll_i|general[0].gpll~PLL_OUTPUT_COUNTER|divclk'
Slack : 0.162
TNS   : 0.000

Type  : Fast 1100mV 0C Model Hold 'CLOCK2_50'
Slack : 0.191
TNS   : 0.000

Type  : Fast 1100mV 0C Model Recovery 'CLOCK_50'
Slack : 4.624
TNS   : 0.000

Type  : Fast 1100mV 0C Model Recovery 'u6|sdram_pll_inst|altera_pll_i|general[0].gpll~PLL_OUTPUT_COUNTER|divclk'
Slack : 4.937
TNS   : 0.000

Type  : Fast 1100mV 0C Model Recovery 'u6|sdram_pll_inst|altera_pll_i|general[2].gpll~PLL_OUTPUT_COUNTER|divclk'
Slack : 15.140
TNS   : 0.000

Type  : Fast 1100mV 0C Model Recovery 'CLOCK2_50'
Slack : 15.858
TNS   : 0.000

Type  : Fast 1100mV 0C Model Removal 'CLOCK2_50'
Slack : 0.297
TNS   : 0.000

Type  : Fast 1100mV 0C Model Removal 'CLOCK_50'
Slack : 0.518
TNS   : 0.000

Type  : Fast 1100mV 0C Model Removal 'u6|sdram_pll_inst|altera_pll_i|general[0].gpll~PLL_OUTPUT_COUNTER|divclk'
Slack : 0.714
TNS   : 0.000

Type  : Fast 1100mV 0C Model Removal 'u6|sdram_pll_inst|altera_pll_i|general[2].gpll~PLL_OUTPUT_COUNTER|divclk'
Slack : 1.315
TNS   : 0.000

Type  : Fast 1100mV 0C Model Minimum Pulse Width 'u6|sdram_pll_inst|altera_pll_i|general[0].gpll~FRACTIONAL_PLL|vcoph[0]'
Slack : 1.666
TNS   : 0.000

Type  : Fast 1100mV 0C Model Minimum Pulse Width 'u6|sdram_pll_inst|altera_pll_i|general[0].gpll~PLL_OUTPUT_COUNTER|divclk'
Slack : 3.885
TNS   : 0.000

Type  : Fast 1100mV 0C Model Minimum Pulse Width 'CLOCK_50'
Slack : 8.431
TNS   : 0.000

Type  : Fast 1100mV 0C Model Minimum Pulse Width 'CLOCK2_50'
Slack : 8.720
TNS   : 0.000

Type  : Fast 1100mV 0C Model Minimum Pulse Width 'u6|sdram_pll_inst|altera_pll_i|general[2].gpll~PLL_OUTPUT_COUNTER|divclk'
Slack : 18.893
TNS   : 0.000

------------------------------------------------------------
